// Jest Snapshot v1, https://goo.gl/fbAQLP

exports[`calendarSlice addTransaction handles transactions distributed over the month when first day is 1 1`] = `
Array [
  10,
  20,
  30,
  40,
  50,
  60,
  70,
  80,
  90,
  100,
  110,
  120,
  130,
  140,
  150,
  160,
  170,
  180,
  190,
  200,
  210,
  220,
  230,
  240,
  250,
  260,
  270,
  280,
  290,
  300,
  310,
]
`;

exports[`calendarSlice addTransaction handles transactions distributed over the month when first day is not 1 1`] = `
Array [
  280,
  290,
  300,
  310,
  10,
  20,
  30,
  40,
  50,
  60,
  70,
  80,
  90,
  100,
  110,
  120,
  130,
  140,
  150,
  160,
  170,
  180,
  190,
  200,
  210,
  220,
  230,
  240,
  250,
  260,
  270,
]
`;
